===== ELF HEADER
Magic number and other info = 7f 45 4c 46
Object file type = 0
Architecture = 0
Object file version = 0
Entry point virtual address = 0
Program header table file offset = 0
Section header table file offset = 0
Processor-specific flags = 0
ELF header size in bytes = 0
Program header table entry size = 0
Program header table entry count = 0
Section header table entry size = 0
Section header table entry count = 0
Section header string table index = 0
